============================= test session starts =============================
platform win32 -- Python 3.13.12, pytest-9.0.2, pluggy-1.6.0
rootdir: C:\Users\ferna\OneDrive\Desktop\Proyectos\ai-job-matching-platform
configfile: pytest.ini
plugins: anyio-4.13.0, mock-3.15.1
collected 16 items

tests\test_analytics.py ..........                                       [ 62%]
tests\test_export.py ......                                              [100%]

============================= 16 passed in 5.14s ==============================
